ºÏ≤‚µΩ IMATU_SECRET_KEY Œ¥…Ë÷√°£
Traceback (most recent call last):
  File "<frozen runpy>", line 198, in _run_module_as_main
  File "<frozen runpy>", line 88, in _run_code
  File "G:\OpenMTEduInst\.venv\Lib\site-packages\uvicorn\__main__.py", line 4, in <module>
    uvicorn.main()
  File "G:\OpenMTEduInst\.venv\Lib\site-packages\click\core.py", line 1524, in __call__
    return self.main(*args, **kwargs)
           ^^^^^^^^^^^^^^^^^^^^^^^^^^
  File "G:\OpenMTEduInst\.venv\Lib\site-packages\click\core.py", line 1445, in main
    rv = self.invoke(ctx)
         ^^^^^^^^^^^^^^^^
  File "G:\OpenMTEduInst\.venv\Lib\site-packages\click\core.py", line 1308, in invoke
    return ctx.invoke(self.callback, **ctx.params)
           ^^^^^^^^^^^^^^^^^^^^^^^^^^^^^^^^^^^^^^^
  File "G:\OpenMTEduInst\.venv\Lib\site-packages\click\core.py", line 877, in invoke
    return callback(*args, **kwargs)
           ^^^^^^^^^^^^^^^^^^^^^^^^^
  File "G:\OpenMTEduInst\.venv\Lib\site-packages\uvicorn\main.py", line 441, in main
    run(
  File "G:\OpenMTEduInst\.venv\Lib\site-packages\uvicorn\main.py", line 609, in run
    config.load_app()
  File "G:\OpenMTEduInst\.venv\Lib\site-packages\uvicorn\config.py", line 415, in load_app
    return import_from_string(self.app)
           ^^^^^^^^^^^^^^^^^^^^^^^^^^^^
  File "G:\OpenMTEduInst\.venv\Lib\site-packages\uvicorn\importer.py", line 22, in import_from_string
    raise exc from None
  File "G:\OpenMTEduInst\.venv\Lib\site-packages\uvicorn\importer.py", line 19, in import_from_string
    module = importlib.import_module(module_str)
             ^^^^^^^^^^^^^^^^^^^^^^^^^^^^^^^^^^^
  File "G:\Python312\Lib\importlib\__init__.py", line 90, in import_module
    return _bootstrap._gcd_import(name[level:], package, level)
           ^^^^^^^^^^^^^^^^^^^^^^^^^^^^^^^^^^^^^^^^^^^^^^^^^^^^
  File "<frozen importlib._bootstrap>", line 1387, in _gcd_import
  File "<frozen importlib._bootstrap>", line 1360, in _find_and_load
  File "<frozen importlib._bootstrap>", line 1331, in _find_and_load_unlocked
  File "<frozen importlib._bootstrap>", line 935, in _load_unlocked
  File "<frozen importlib._bootstrap_external>", line 995, in exec_module
  File "<frozen importlib._bootstrap>", line 488, in _call_with_frames_removed
  File "G:\OpenMTEduInst\backend\main.py", line 15, in <module>
    from utils.database import Base, engine
  File "G:\OpenMTEduInst\backend\utils\database.py", line 58, in <module>
    engine = create_engine(
             ^^^^^^^^^^^^^^
  File "<string>", line 2, in create_engine
  File "G:\OpenMTEduInst\.venv\Lib\site-packages\sqlalchemy\util\deprecations.py", line 281, in warned
    return fn(*args, **kwargs)  # type: ignore[no-any-return]
           ^^^^^^^^^^^^^^^^^^^
  File "G:\OpenMTEduInst\.venv\Lib\site-packages\sqlalchemy\engine\create.py", line 617, in create_engine
    dbapi = dbapi_meth(**dbapi_args)
            ^^^^^^^^^^^^^^^^^^^^^^^^
  File "G:\OpenMTEduInst\.venv\Lib\site-packages\sqlalchemy\dialects\postgresql\psycopg2.py", line 697, in import_dbapi
    import psycopg2
ModuleNotFoundError: No module named 'psycopg2'
